<?php return array (
  0 => 'Symfony\\Bundle\\FrameworkBundle\\Controller\\AbstractController',
  1 => 'App\\Controller\\Admin\\DashboardController',
  2 => 'App\\Controller\\Admin\\InnKat1CrudController',
  3 => 'App\\Controller\\Admin\\InnKat2CrudController',
  4 => 'App\\Controller\\Admin\\InnKat3CrudController',
  5 => 'App\\Controller\\Admin\\InnKat4CrudController',
  6 => 'App\\Controller\\Admin\\KadrKat1CrudController',
  7 => 'App\\Controller\\Admin\\KadrKat2CrudController',
  8 => 'App\\Controller\\Admin\\KadrKat3CrudController',
  9 => 'App\\Controller\\Admin\\KadrKat4CrudController',
  10 => 'App\\Controller\\Admin\\KsieKat1CrudController',
  11 => 'App\\Controller\\Admin\\KsieKat2CrudController',
  12 => 'App\\Controller\\Admin\\KsieKat3CrudController',
  13 => 'App\\Controller\\Admin\\MarKat1CrudController',
  14 => 'App\\Controller\\Admin\\MarKat2CrudController',
  15 => 'App\\Controller\\Admin\\MarKat3CrudController',
  16 => 'App\\Controller\\Admin\\SprzKat1CrudController',
  17 => 'App\\Controller\\Admin\\SprzKat2CrudController',
  18 => 'App\\Controller\\Admin\\SprzKat3CrudController',
  19 => 'App\\Controller\\Admin\\SprzKat4CrudController',
  20 => 'App\\Controller\\Admin\\UsersCrudController',
  21 => 'App\\Controller\\ResetPasswordController',
  22 => 'App\\Controller\\SecurityController',
  23 => 'App\\Entity\\InnKat1',
  24 => 'App\\Entity\\InnKat2',
  25 => 'App\\Entity\\InnKat3',
  26 => 'App\\Entity\\InnKat4',
  27 => 'App\\Entity\\KadrKat1',
  28 => 'App\\Entity\\KadrKat2',
  29 => 'App\\Entity\\KadrKat3',
  30 => 'App\\Entity\\KadrKat4',
  31 => 'App\\Entity\\KsieKat1',
  32 => 'App\\Entity\\KsieKat2',
  33 => 'App\\Entity\\KsieKat3',
  34 => 'App\\Entity\\MarKat1',
  35 => 'App\\Entity\\MarKat2',
  36 => 'App\\Entity\\MarKat3',
  37 => 'App\\Entity\\ResetPasswordRequest',
  38 => 'App\\Entity\\SprzKat1',
  39 => 'App\\Entity\\SprzKat2',
  40 => 'App\\Entity\\SprzKat3',
  41 => 'App\\Entity\\SprzKat4',
  42 => 'App\\Entity\\Users',
  43 => 'Doctrine\\Bundle\\DoctrineBundle\\Controller\\ProfilerController',
  44 => 'Doctrine\\ORM\\Cache\\Persister\\Entity\\AbstractEntityPersister',
  45 => 'Doctrine\\ORM\\Cache\\Persister\\Entity\\CachedEntityPersister',
  46 => 'Doctrine\\ORM\\Cache\\Persister\\Entity\\NonStrictReadWriteCachedEntityPersister',
  47 => 'Doctrine\\ORM\\Cache\\Persister\\Entity\\ReadOnlyCachedEntityPersister',
  48 => 'Doctrine\\ORM\\Cache\\Persister\\Entity\\ReadWriteCachedEntityPersister',
  49 => 'Doctrine\\ORM\\Persisters\\Entity\\AbstractEntityInheritancePersister',
  50 => 'Doctrine\\ORM\\Persisters\\Entity\\BasicEntityPersister',
  51 => 'Doctrine\\ORM\\Persisters\\Entity\\CachedPersisterContext',
  52 => 'Doctrine\\ORM\\Persisters\\Entity\\EntityPersister',
  53 => 'Doctrine\\ORM\\Persisters\\Entity\\JoinedSubclassPersister',
  54 => 'Doctrine\\ORM\\Persisters\\Entity\\SingleTablePersister',
  55 => 'EasyCorp\\Bundle\\EasyAdminBundle\\Contracts\\Controller\\CrudControllerInterface',
  56 => 'EasyCorp\\Bundle\\EasyAdminBundle\\Contracts\\Controller\\DashboardControllerInterface',
  57 => 'EasyCorp\\Bundle\\EasyAdminBundle\\Controller\\AbstractCrudController',
  58 => 'EasyCorp\\Bundle\\EasyAdminBundle\\Controller\\AbstractDashboardController',
  59 => 'SymfonyCasts\\Bundle\\ResetPassword\\Controller\\ResetPasswordControllerTrait',
  61 => 'Symfony\\Bundle\\FrameworkBundle\\Controller\\ControllerResolver',
  62 => 'Symfony\\Bundle\\FrameworkBundle\\Controller\\RedirectController',
  63 => 'Symfony\\Bundle\\FrameworkBundle\\Controller\\TemplateController',
  64 => 'Symfony\\Bundle\\WebProfilerBundle\\Controller\\ExceptionPanelController',
  65 => 'Symfony\\Bundle\\WebProfilerBundle\\Controller\\ProfilerController',
  66 => 'Symfony\\Bundle\\WebProfilerBundle\\Controller\\RouterController',
  67 => 'Symfony\\Component\\HttpKernel\\Controller\\ArgumentResolver',
  68 => 'Symfony\\Component\\HttpKernel\\Controller\\ArgumentResolverInterface',
  69 => 'Symfony\\Component\\HttpKernel\\Controller\\ArgumentResolver\\DefaultValueResolver',
  70 => 'Symfony\\Component\\HttpKernel\\Controller\\ArgumentResolver\\NotTaggedControllerValueResolver',
  71 => 'Symfony\\Component\\HttpKernel\\Controller\\ArgumentResolver\\RequestAttributeValueResolver',
  72 => 'Symfony\\Component\\HttpKernel\\Controller\\ArgumentResolver\\RequestValueResolver',
  73 => 'Symfony\\Component\\HttpKernel\\Controller\\ArgumentResolver\\ServiceValueResolver',
  74 => 'Symfony\\Component\\HttpKernel\\Controller\\ArgumentResolver\\SessionValueResolver',
  75 => 'Symfony\\Component\\HttpKernel\\Controller\\ArgumentResolver\\TraceableValueResolver',
  76 => 'Symfony\\Component\\HttpKernel\\Controller\\ArgumentResolver\\VariadicValueResolver',
  77 => 'Symfony\\Component\\HttpKernel\\Controller\\ArgumentValueResolverInterface',
  78 => 'Symfony\\Component\\HttpKernel\\Controller\\ContainerControllerResolver',
  79 => 'Symfony\\Component\\HttpKernel\\Controller\\ControllerReference',
  80 => 'Symfony\\Component\\HttpKernel\\Controller\\ControllerResolver',
  81 => 'Symfony\\Component\\HttpKernel\\Controller\\ControllerResolverInterface',
  82 => 'Symfony\\Component\\HttpKernel\\Controller\\ErrorController',
  83 => 'Symfony\\Component\\HttpKernel\\Controller\\TraceableArgumentResolver',
  84 => 'Symfony\\Component\\HttpKernel\\Controller\\TraceableControllerResolver',
  85 => 'Symfony\\Component\\Security\\Http\\Controller\\UserValueResolver',
  86 => 'Vich\\UploaderBundle\\Entity\\File',
);